[     128ms] [INFO] %cDownload the React DevTools for a better development experience: https://reactjs.org/link/react-devtools font-weight:bold @ http://localhost:5173/node_modules/.vite/deps/chunk-NXESFFTV.js?v=5be3a9ce:21608
[     143ms] [LOG] %cHola, dev. color:#D4460F;font-family:'Instrument Serif',serif;font-style:italic;font-size:28px;line-height:1; @ http://localhost:5173/src/lib/console-egg.ts:19
[     144ms] [LOG] %c
  ███████ ██████
  ██      ██   ██
  █████   ██████
  ██      ██
  ███████ ██

  Emilio Pastor Zurita — estudio
  Webs y software a medida con IA · Córdoba
 color:#111;background:#F5F3EE;font-family:ui-monospace,SFMono-Regular,monospace;font-size:12px;line-height:1.4;padding:8px 12px; @ http://localhost:5173/src/lib/console-egg.ts:20
[     144ms] [LOG] %cSi has llegado a la consola, lees código. Construyo cosas serias con clientes serios y a veces necesito manos como las tuyas.
%cTengo proyectos interesantes — algunos con IA real, otros con SQL real, todos con plazos reales. color:#111;font-family:ui-sans-serif,system-ui,sans-serif;font-size:13px;line-height:1.55; color:#111;font-family:ui-sans-serif,system-ui,sans-serif;font-size:13px;line-height:1.55; @ http://localhost:5173/src/lib/console-egg.ts:21
[     144ms] [LOG] %c→ %cemiliopastorzurita906@gmail.com color:#111;font-family:ui-sans-serif,system-ui,sans-serif;font-size:13px;line-height:1.55; color:#D4460F;font-family:ui-sans-serif,system-ui,sans-serif;font-size:13px;text-decoration:underline; @ http://localhost:5173/src/lib/console-egg.ts:26
[     144ms] [LOG] %cstack visible · src/data/copy.ts · STACK color:#888880;font-family:ui-monospace,SFMono-Regular,monospace;font-size:11px;letter-spacing:0.14em;text-transform:uppercase; @ http://localhost:5173/src/lib/console-egg.ts:31
[     144ms] [LOG] %ccaveman tip: si entiendes el código, sabrás si encajas. Y si no, también. color:#888880;font-family:ui-monospace,SFMono-Regular,monospace;font-size:11px;letter-spacing:0.14em;text-transform:uppercase; @ http://localhost:5173/src/lib/console-egg.ts:32
[   74610ms] [INFO] %cDownload the React DevTools for a better development experience: https://reactjs.org/link/react-devtools font-weight:bold @ http://localhost:5173/node_modules/.vite/deps/chunk-NXESFFTV.js?v=5be3a9ce:21608
[   74623ms] [LOG] %cHola, dev. color:#D4460F;font-family:'Instrument Serif',serif;font-style:italic;font-size:28px;line-height:1; @ http://localhost:5173/src/lib/console-egg.ts:19
[   74624ms] [LOG] %c
  ███████ ██████
  ██      ██   ██
  █████   ██████
  ██      ██
  ███████ ██

  Emilio Pastor Zurita — estudio
  Webs y software a medida con IA · Córdoba
 color:#111;background:#F5F3EE;font-family:ui-monospace,SFMono-Regular,monospace;font-size:12px;line-height:1.4;padding:8px 12px; @ http://localhost:5173/src/lib/console-egg.ts:20
[   74624ms] [LOG] %cSi has llegado a la consola, lees código. Construyo cosas serias con clientes serios y a veces necesito manos como las tuyas.
%cTengo proyectos interesantes — algunos con IA real, otros con SQL real, todos con plazos reales. color:#111;font-family:ui-sans-serif,system-ui,sans-serif;font-size:13px;line-height:1.55; color:#111;font-family:ui-sans-serif,system-ui,sans-serif;font-size:13px;line-height:1.55; @ http://localhost:5173/src/lib/console-egg.ts:21
[   74624ms] [LOG] %c→ %cemiliopastorzurita906@gmail.com color:#111;font-family:ui-sans-serif,system-ui,sans-serif;font-size:13px;line-height:1.55; color:#D4460F;font-family:ui-sans-serif,system-ui,sans-serif;font-size:13px;text-decoration:underline; @ http://localhost:5173/src/lib/console-egg.ts:26
[   74624ms] [LOG] %cstack visible · src/data/copy.ts · STACK color:#888880;font-family:ui-monospace,SFMono-Regular,monospace;font-size:11px;letter-spacing:0.14em;text-transform:uppercase; @ http://localhost:5173/src/lib/console-egg.ts:31
[   74624ms] [LOG] %ccaveman tip: si entiendes el código, sabrás si encajas. Y si no, también. color:#888880;font-family:ui-monospace,SFMono-Regular,monospace;font-size:11px;letter-spacing:0.14em;text-transform:uppercase; @ http://localhost:5173/src/lib/console-egg.ts:32
[   78950ms] [INFO] %cDownload the React DevTools for a better development experience: https://reactjs.org/link/react-devtools font-weight:bold @ http://localhost:5173/node_modules/.vite/deps/chunk-NXESFFTV.js?v=5be3a9ce:21608
[   78960ms] [LOG] %cHola, dev. color:#D4460F;font-family:'Instrument Serif',serif;font-style:italic;font-size:28px;line-height:1; @ http://localhost:5173/src/lib/console-egg.ts:19
[   78960ms] [LOG] %c
  ███████ ██████
  ██      ██   ██
  █████   ██████
  ██      ██
  ███████ ██

  Emilio Pastor Zurita — estudio
  Webs y software a medida con IA · Córdoba
 color:#111;background:#F5F3EE;font-family:ui-monospace,SFMono-Regular,monospace;font-size:12px;line-height:1.4;padding:8px 12px; @ http://localhost:5173/src/lib/console-egg.ts:20
[   78960ms] [LOG] %cSi has llegado a la consola, lees código. Construyo cosas serias con clientes serios y a veces necesito manos como las tuyas.
%cTengo proyectos interesantes — algunos con IA real, otros con SQL real, todos con plazos reales. color:#111;font-family:ui-sans-serif,system-ui,sans-serif;font-size:13px;line-height:1.55; color:#111;font-family:ui-sans-serif,system-ui,sans-serif;font-size:13px;line-height:1.55; @ http://localhost:5173/src/lib/console-egg.ts:21
[   78960ms] [LOG] %c→ %cemiliopastorzurita906@gmail.com color:#111;font-family:ui-sans-serif,system-ui,sans-serif;font-size:13px;line-height:1.55; color:#D4460F;font-family:ui-sans-serif,system-ui,sans-serif;font-size:13px;text-decoration:underline; @ http://localhost:5173/src/lib/console-egg.ts:26
[   78960ms] [LOG] %cstack visible · src/data/copy.ts · STACK color:#888880;font-family:ui-monospace,SFMono-Regular,monospace;font-size:11px;letter-spacing:0.14em;text-transform:uppercase; @ http://localhost:5173/src/lib/console-egg.ts:31
[   78960ms] [LOG] %ccaveman tip: si entiendes el código, sabrás si encajas. Y si no, también. color:#888880;font-family:ui-monospace,SFMono-Regular,monospace;font-size:11px;letter-spacing:0.14em;text-transform:uppercase; @ http://localhost:5173/src/lib/console-egg.ts:32
