[   53441ms] ReferenceError: caseMark is not defined
    at http://localhost:5173/src/components/sections/cases.tsx?t=1779804418847:119:37
    at Array.map (<anonymous>)
    at Cases (http://localhost:5173/src/components/sections/cases.tsx?t=1779804418847:49:137)
    at renderWithHooks (http://localhost:5173/node_modules/.vite/deps/chunk-NXESFFTV.js?v=5be3a9ce:11596:26)
    at updateFunctionComponent (http://localhost:5173/node_modules/.vite/deps/chunk-NXESFFTV.js?v=5be3a9ce:14630:28)
    at beginWork (http://localhost:5173/node_modules/.vite/deps/chunk-NXESFFTV.js?v=5be3a9ce:15972:22)
    at HTMLUnknownElement.callCallback2 (http://localhost:5173/node_modules/.vite/deps/chunk-NXESFFTV.js?v=5be3a9ce:3680:22)
    at Object.invokeGuardedCallbackDev (http://localhost:5173/node_modules/.vite/deps/chunk-NXESFFTV.js?v=5be3a9ce:3705:24)
    at invokeGuardedCallback (http://localhost:5173/node_modules/.vite/deps/chunk-NXESFFTV.js?v=5be3a9ce:3739:39)
    at beginWork$1 (http://localhost:5173/node_modules/.vite/deps/chunk-NXESFFTV.js?v=5be3a9ce:19818:15)
[   53444ms] ReferenceError: caseMark is not defined
    at http://localhost:5173/src/components/sections/cases.tsx?t=1779804418847:119:37
    at Array.map (<anonymous>)
    at Cases (http://localhost:5173/src/components/sections/cases.tsx?t=1779804418847:49:137)
    at renderWithHooks (http://localhost:5173/node_modules/.vite/deps/chunk-NXESFFTV.js?v=5be3a9ce:11596:26)
    at updateFunctionComponent (http://localhost:5173/node_modules/.vite/deps/chunk-NXESFFTV.js?v=5be3a9ce:14630:28)
    at beginWork (http://localhost:5173/node_modules/.vite/deps/chunk-NXESFFTV.js?v=5be3a9ce:15972:22)
    at HTMLUnknownElement.callCallback2 (http://localhost:5173/node_modules/.vite/deps/chunk-NXESFFTV.js?v=5be3a9ce:3680:22)
    at Object.invokeGuardedCallbackDev (http://localhost:5173/node_modules/.vite/deps/chunk-NXESFFTV.js?v=5be3a9ce:3705:24)
    at invokeGuardedCallback (http://localhost:5173/node_modules/.vite/deps/chunk-NXESFFTV.js?v=5be3a9ce:3739:39)
    at beginWork$1 (http://localhost:5173/node_modules/.vite/deps/chunk-NXESFFTV.js?v=5be3a9ce:19818:15)
[   53448ms] [ERROR] The above error occurred in the <Cases> component:

    at Cases (http://localhost:5173/src/components/sections/cases.tsx?t=1779804418847:24:13)
    at main
    at Shell (http://localhost:5173/src/App.tsx?t=1779804412506:50:18)
    at LangProvider (http://localhost:5173/src/hooks/use-lang.tsx:26:32)
    at App

Consider adding an error boundary to your tree to customize error handling behavior.
Visit https://reactjs.org/link/error-boundaries to learn more about error boundaries. @ http://localhost:5173/node_modules/.vite/deps/chunk-NXESFFTV.js?v=5be3a9ce:14079
[   53451ms] ReferenceError: caseMark is not defined
    at http://localhost:5173/src/components/sections/cases.tsx?t=1779804418847:119:37
    at Array.map (<anonymous>)
    at Cases (http://localhost:5173/src/components/sections/cases.tsx?t=1779804418847:49:137)
    at renderWithHooks (http://localhost:5173/node_modules/.vite/deps/chunk-NXESFFTV.js?v=5be3a9ce:11596:26)
    at updateFunctionComponent (http://localhost:5173/node_modules/.vite/deps/chunk-NXESFFTV.js?v=5be3a9ce:14630:28)
    at beginWork (http://localhost:5173/node_modules/.vite/deps/chunk-NXESFFTV.js?v=5be3a9ce:15972:22)
    at beginWork$1 (http://localhost:5173/node_modules/.vite/deps/chunk-NXESFFTV.js?v=5be3a9ce:19806:22)
    at performUnitOfWork (http://localhost:5173/node_modules/.vite/deps/chunk-NXESFFTV.js?v=5be3a9ce:19251:20)
    at workLoopSync (http://localhost:5173/node_modules/.vite/deps/chunk-NXESFFTV.js?v=5be3a9ce:19190:13)
    at renderRootSync (http://localhost:5173/node_modules/.vite/deps/chunk-NXESFFTV.js?v=5be3a9ce:19169:15)
