[      91ms] [INFO] %cDownload the React DevTools for a better development experience: https://reactjs.org/link/react-devtools font-weight:bold @ http://localhost:5173/node_modules/.vite/deps/chunk-NXESFFTV.js?v=5be3a9ce:21608
[  619652ms] TypeError: Cannot read properties of undefined (reading 'problem')
    at HeroDeliverable (http://localhost:5173/src/components/effects/hero-deliverable.tsx?t=1779803904686:73:29)
    at renderWithHooks (http://localhost:5173/node_modules/.vite/deps/chunk-NXESFFTV.js?v=5be3a9ce:11596:26)
    at updateFunctionComponent (http://localhost:5173/node_modules/.vite/deps/chunk-NXESFFTV.js?v=5be3a9ce:14630:28)
    at beginWork (http://localhost:5173/node_modules/.vite/deps/chunk-NXESFFTV.js?v=5be3a9ce:15972:22)
    at HTMLUnknownElement.callCallback2 (http://localhost:5173/node_modules/.vite/deps/chunk-NXESFFTV.js?v=5be3a9ce:3680:22)
    at Object.invokeGuardedCallbackDev (http://localhost:5173/node_modules/.vite/deps/chunk-NXESFFTV.js?v=5be3a9ce:3705:24)
    at invokeGuardedCallback (http://localhost:5173/node_modules/.vite/deps/chunk-NXESFFTV.js?v=5be3a9ce:3739:39)
    at beginWork$1 (http://localhost:5173/node_modules/.vite/deps/chunk-NXESFFTV.js?v=5be3a9ce:19818:15)
    at performUnitOfWork (http://localhost:5173/node_modules/.vite/deps/chunk-NXESFFTV.js?v=5be3a9ce:19251:20)
    at workLoopSync (http://localhost:5173/node_modules/.vite/deps/chunk-NXESFFTV.js?v=5be3a9ce:19190:13)
[  619653ms] TypeError: Cannot read properties of undefined (reading 'problem')
    at HeroDeliverable (http://localhost:5173/src/components/effects/hero-deliverable.tsx?t=1779803904686:73:29)
    at renderWithHooks (http://localhost:5173/node_modules/.vite/deps/chunk-NXESFFTV.js?v=5be3a9ce:11596:26)
    at updateFunctionComponent (http://localhost:5173/node_modules/.vite/deps/chunk-NXESFFTV.js?v=5be3a9ce:14630:28)
    at beginWork (http://localhost:5173/node_modules/.vite/deps/chunk-NXESFFTV.js?v=5be3a9ce:15972:22)
    at HTMLUnknownElement.callCallback2 (http://localhost:5173/node_modules/.vite/deps/chunk-NXESFFTV.js?v=5be3a9ce:3680:22)
    at Object.invokeGuardedCallbackDev (http://localhost:5173/node_modules/.vite/deps/chunk-NXESFFTV.js?v=5be3a9ce:3705:24)
    at invokeGuardedCallback (http://localhost:5173/node_modules/.vite/deps/chunk-NXESFFTV.js?v=5be3a9ce:3739:39)
    at beginWork$1 (http://localhost:5173/node_modules/.vite/deps/chunk-NXESFFTV.js?v=5be3a9ce:19818:15)
    at performUnitOfWork (http://localhost:5173/node_modules/.vite/deps/chunk-NXESFFTV.js?v=5be3a9ce:19251:20)
    at workLoopSync (http://localhost:5173/node_modules/.vite/deps/chunk-NXESFFTV.js?v=5be3a9ce:19190:13)
[  619654ms] [ERROR] The above error occurred in the <HeroDeliverable> component:

    at HeroDeliverable (http://localhost:5173/src/components/effects/hero-deliverable.tsx?t=1779803904686:47:18)
    at section
    at Hero (http://localhost:5173/src/components/sections/hero.tsx?t=1779803904686:28:13)
    at main
    at Shell (http://localhost:5173/src/App.tsx?t=1779803904686:50:18)
    at LangProvider (http://localhost:5173/src/hooks/use-lang.tsx:26:32)
    at App

Consider adding an error boundary to your tree to customize error handling behavior.
Visit https://reactjs.org/link/error-boundaries to learn more about error boundaries. @ http://localhost:5173/node_modules/.vite/deps/chunk-NXESFFTV.js?v=5be3a9ce:14079
[  619655ms] TypeError: Cannot read properties of undefined (reading 'problem')
    at HeroDeliverable (http://localhost:5173/src/components/effects/hero-deliverable.tsx?t=1779803904686:73:29)
    at renderWithHooks (http://localhost:5173/node_modules/.vite/deps/chunk-NXESFFTV.js?v=5be3a9ce:11596:26)
    at updateFunctionComponent (http://localhost:5173/node_modules/.vite/deps/chunk-NXESFFTV.js?v=5be3a9ce:14630:28)
    at beginWork (http://localhost:5173/node_modules/.vite/deps/chunk-NXESFFTV.js?v=5be3a9ce:15972:22)
    at beginWork$1 (http://localhost:5173/node_modules/.vite/deps/chunk-NXESFFTV.js?v=5be3a9ce:19806:22)
    at performUnitOfWork (http://localhost:5173/node_modules/.vite/deps/chunk-NXESFFTV.js?v=5be3a9ce:19251:20)
    at workLoopSync (http://localhost:5173/node_modules/.vite/deps/chunk-NXESFFTV.js?v=5be3a9ce:19190:13)
    at renderRootSync (http://localhost:5173/node_modules/.vite/deps/chunk-NXESFFTV.js?v=5be3a9ce:19169:15)
    at recoverFromConcurrentError (http://localhost:5173/node_modules/.vite/deps/chunk-NXESFFTV.js?v=5be3a9ce:18786:28)
    at performConcurrentWorkOnRoot (http://localhost:5173/node_modules/.vite/deps/chunk-NXESFFTV.js?v=5be3a9ce:18734:30)
[  669366ms] TypeError: Cannot read properties of undefined (reading 'problem')
    at HeroDeliverable (http://localhost:5173/src/components/effects/hero-deliverable.tsx?t=1779803904686:73:29)
    at renderWithHooks (http://localhost:5173/node_modules/.vite/deps/chunk-NXESFFTV.js?v=5be3a9ce:11596:26)
    at updateFunctionComponent (http://localhost:5173/node_modules/.vite/deps/chunk-NXESFFTV.js?v=5be3a9ce:14630:28)
    at beginWork (http://localhost:5173/node_modules/.vite/deps/chunk-NXESFFTV.js?v=5be3a9ce:15972:22)
    at HTMLUnknownElement.callCallback2 (http://localhost:5173/node_modules/.vite/deps/chunk-NXESFFTV.js?v=5be3a9ce:3680:22)
    at Object.invokeGuardedCallbackDev (http://localhost:5173/node_modules/.vite/deps/chunk-NXESFFTV.js?v=5be3a9ce:3705:24)
    at invokeGuardedCallback (http://localhost:5173/node_modules/.vite/deps/chunk-NXESFFTV.js?v=5be3a9ce:3739:39)
    at beginWork$1 (http://localhost:5173/node_modules/.vite/deps/chunk-NXESFFTV.js?v=5be3a9ce:19818:15)
    at performUnitOfWork (http://localhost:5173/node_modules/.vite/deps/chunk-NXESFFTV.js?v=5be3a9ce:19251:20)
    at workLoopSync (http://localhost:5173/node_modules/.vite/deps/chunk-NXESFFTV.js?v=5be3a9ce:19190:13)
[  669367ms] TypeError: Cannot read properties of undefined (reading 'problem')
    at HeroDeliverable (http://localhost:5173/src/components/effects/hero-deliverable.tsx?t=1779803904686:73:29)
    at renderWithHooks (http://localhost:5173/node_modules/.vite/deps/chunk-NXESFFTV.js?v=5be3a9ce:11596:26)
    at updateFunctionComponent (http://localhost:5173/node_modules/.vite/deps/chunk-NXESFFTV.js?v=5be3a9ce:14630:28)
    at beginWork (http://localhost:5173/node_modules/.vite/deps/chunk-NXESFFTV.js?v=5be3a9ce:15972:22)
    at HTMLUnknownElement.callCallback2 (http://localhost:5173/node_modules/.vite/deps/chunk-NXESFFTV.js?v=5be3a9ce:3680:22)
    at Object.invokeGuardedCallbackDev (http://localhost:5173/node_modules/.vite/deps/chunk-NXESFFTV.js?v=5be3a9ce:3705:24)
    at invokeGuardedCallback (http://localhost:5173/node_modules/.vite/deps/chunk-NXESFFTV.js?v=5be3a9ce:3739:39)
    at beginWork$1 (http://localhost:5173/node_modules/.vite/deps/chunk-NXESFFTV.js?v=5be3a9ce:19818:15)
    at performUnitOfWork (http://localhost:5173/node_modules/.vite/deps/chunk-NXESFFTV.js?v=5be3a9ce:19251:20)
    at workLoopSync (http://localhost:5173/node_modules/.vite/deps/chunk-NXESFFTV.js?v=5be3a9ce:19190:13)
[  669369ms] [ERROR] The above error occurred in the <HeroDeliverable> component:

    at HeroDeliverable (http://localhost:5173/src/components/effects/hero-deliverable.tsx?t=1779803904686:47:18)
    at section
    at Hero (http://localhost:5173/src/components/sections/hero.tsx?t=1779803904686:28:13)
    at main
    at Shell (http://localhost:5173/src/App.tsx?t=1779803904686:50:18)
    at LangProvider (http://localhost:5173/src/hooks/use-lang.tsx:26:32)
    at App

Consider adding an error boundary to your tree to customize error handling behavior.
Visit https://reactjs.org/link/error-boundaries to learn more about error boundaries. @ http://localhost:5173/node_modules/.vite/deps/chunk-NXESFFTV.js?v=5be3a9ce:14079
[  669370ms] TypeError: Cannot read properties of undefined (reading 'problem')
    at HeroDeliverable (http://localhost:5173/src/components/effects/hero-deliverable.tsx?t=1779803904686:73:29)
    at renderWithHooks (http://localhost:5173/node_modules/.vite/deps/chunk-NXESFFTV.js?v=5be3a9ce:11596:26)
    at updateFunctionComponent (http://localhost:5173/node_modules/.vite/deps/chunk-NXESFFTV.js?v=5be3a9ce:14630:28)
    at beginWork (http://localhost:5173/node_modules/.vite/deps/chunk-NXESFFTV.js?v=5be3a9ce:15972:22)
    at beginWork$1 (http://localhost:5173/node_modules/.vite/deps/chunk-NXESFFTV.js?v=5be3a9ce:19806:22)
    at performUnitOfWork (http://localhost:5173/node_modules/.vite/deps/chunk-NXESFFTV.js?v=5be3a9ce:19251:20)
    at workLoopSync (http://localhost:5173/node_modules/.vite/deps/chunk-NXESFFTV.js?v=5be3a9ce:19190:13)
    at renderRootSync (http://localhost:5173/node_modules/.vite/deps/chunk-NXESFFTV.js?v=5be3a9ce:19169:15)
    at recoverFromConcurrentError (http://localhost:5173/node_modules/.vite/deps/chunk-NXESFFTV.js?v=5be3a9ce:18786:28)
    at performConcurrentWorkOnRoot (http://localhost:5173/node_modules/.vite/deps/chunk-NXESFFTV.js?v=5be3a9ce:18734:30)
